// Jest Snapshot v1, https://goo.gl/fbAQLP

exports[`App matches snapshot 1`] = `
<View
  style={
    Object {
      "alignItems": "center",
      "backgroundColor": "lightblue",
      "flexGrow": 1,
      "justifyContent": "center",
    }
  }
  testID="container"
>
  <View
    style={
      Object {
        "flexDirection": "row",
        "margin": 24,
      }
    }
  >
    <View
      pointerEvents="none"
      style={
        Object {
          "height": 80,
          "marginHorizontal": "auto",
          "position": "relative",
          "width": 80,
        }
      }
    >
      <View
        style={
          Object {
            "borderColor": "transparent",
            "borderRadius": 32,
            "borderStyle": "solid",
            "borderTopColor": "#fff",
            "borderWidth": 8,
            "height": 64,
            "margin": 8,
            "position": "absolute",
            "transform": Array [
              Object {
                "rotate": "0deg",
              },
            ],
            "width": 64,
          }
        }
      />
      <View
        style={
          Object {
            "borderColor": "transparent",
            "borderRadius": 32,
            "borderStyle": "solid",
            "borderTopColor": "#fff",
            "borderWidth": 8,
            "height": 64,
            "margin": 8,
            "position": "absolute",
            "transform": Array [
              Object {
                "rotate": "0deg",
              },
            ],
            "width": 64,
          }
        }
      />
      <View
        style={
          Object {
            "borderColor": "transparent",
            "borderRadius": 32,
            "borderStyle": "solid",
            "borderTopColor": "#fff",
            "borderWidth": 8,
            "height": 64,
            "margin": 8,
            "position": "absolute",
            "transform": Array [
              Object {
                "rotate": "0deg",
              },
            ],
            "width": 64,
          }
        }
      />
      <View
        style={
          Object {
            "borderColor": "transparent",
            "borderRadius": 32,
            "borderStyle": "solid",
            "borderTopColor": "#fff",
            "borderWidth": 8,
            "height": 64,
            "margin": 8,
            "position": "absolute",
            "transform": Array [
              Object {
                "rotate": "0deg",
              },
            ],
            "width": 64,
          }
        }
      />
    </View>
  </View>
</View>
`;
