// Jest Snapshot v1, https://goo.gl/fbAQLP

exports[`App matches snapshot 1`] = `
<View
  style={
    Object {
      "alignItems": "center",
      "backgroundColor": "lightblue",
      "flexGrow": 1,
      "justifyContent": "center",
    }
  }
  testID="container"
>
  <Text
    style={
      Array [
        Object {
          "color": "#000",
          "fontFamily": "JosefinSans-Light",
          "fontSize": 36,
          "marginBottom": 10,
          "textAlign": "center",
        },
        Object {
          "fontFamily": "JosefinSans-Light",
          "fontSize": 36,
        },
      ]
    }
  >
    Hello World! - in JosefinSans-Light
  </Text>
  <Text
    style={
      Array [
        Object {
          "color": "#000",
          "fontFamily": "JosefinSans-Light",
          "fontSize": 36,
          "marginBottom": 10,
          "textAlign": "center",
        },
        Object {
          "fontFamily": "JosefinSans-SemiBold",
          "fontSize": 24,
        },
      ]
    }
  >
    This text should be written in JosefinSans-Bold font...
  </Text>
  <Text
    style={
      Array [
        Object {
          "color": "#333",
          "fontFamily": "monospace",
          "fontSize": 18,
          "marginBottom": 10,
          "textAlign": "center",
        },
        Object {
          "fontFamily": "Courier",
          "fontSize": 16,
          "fontWeight": "normal",
        },
      ]
    }
  >
    Here we want the monospaced font
  </Text>
  <Text
    style={
      Array [
        Object {
          "color": "#333",
          "fontFamily": "monospace",
          "fontSize": 18,
          "marginBottom": 10,
          "textAlign": "center",
        },
        Object {
          "fontFamily": "Courier",
          "fontSize": 16,
          "fontWeight": "bold",
        },
      ]
    }
  >
    And here the font should be monospaced and bold.
  </Text>
</View>
`;
