// Jest Snapshot v1, https://goo.gl/fbAQLP

exports[`App matches snapshot 1`] = `
<View
  style={
    Object {
      "alignItems": "center",
      "backgroundColor": "lightblue",
      "flexGrow": 1,
      "justifyContent": "center",
    }
  }
  testID="container"
>
  <Text
    style={
      Object {
        "color": "black",
        "fontSize": 24,
        "fontWeight": "600",
      }
    }
  >
    Hello dev.js
  </Text>
</View>
`;
